// Jest Snapshot v1, https://goo.gl/fbAQLP

exports[`ThemeToggle renders correctly 1`] = `
<button
  className="btn btn-link theme-toggle"
  onClick={[Function]}
  type="button"
>
  light
</button>
`;
