// Jest Snapshot v1, https://goo.gl/fbAQLP

exports[`RecipeList renders correctly 1`] = `
<table
  className="table"
>
  <tbody>
    <RecipeListRow
      deleteRecipe={[Function]}
      key="tacos"
      recipe={
        Object {
          "category": "other",
          "description": "Tasty homemade tacos - hard or soft",
          "id": "tacos",
          "ingredients": Array [
            "cheese",
            "ground beef",
            "tortilla",
          ],
          "title": "tacos",
        }
      }
      showDelete={true}
    />
    <RecipeListRow
      deleteRecipe={[Function]}
      key="quiche"
      recipe={
        Object {
          "category": "other",
          "description": "Delicious Spinach Quiche and Ham & Cauliflower quiche",
          "id": "quiche",
          "ingredients": Array [
            "cheese",
            "pie-crust",
            "egg",
          ],
          "title": "quiche",
        }
      }
      showDelete={true}
    />
  </tbody>
</table>
`;
